MPLINK 5.09, LINKER
Linker Map File - Created Fri Mar 06 14:54:12 2020

                                 Section Info
                  Section       Type    Address   Location Size(Bytes)
                ---------  ---------  ---------  ---------  ---------
                   .org_0       code   0x000000    program   0x000116
                   .cinit    romdata   0x00008b    program   0x000004
.config_2007_BUILD/DEFAULT/PRODUCTION/CONTROL       code   0x002007    program   0x000002



                              Program Memory Usage 
                               Start         End      
                           ---------   ---------      
                            0x000000    0x00008c      
                            0x002007    0x002007      
            142 out of 8454 program addresses used, program memory utilization is 1%



                              Symbols - Sorted by Name
                     Name    Address   Location    Storage File                     
                ---------  ---------  ---------  --------- ---------                
              all_forward   0x000005    program     static C:\Users\Daniel\MPLABXProjects\SLAM1.X\control.asm
             all_fwd_test   0x000061    program     static C:\Users\Daniel\MPLABXProjects\SLAM1.X\control.asm
             all_rev_test   0x000068    program     static C:\Users\Daniel\MPLABXProjects\SLAM1.X\control.asm
              all_reverse   0x00000d    program     static C:\Users\Daniel\MPLABXProjects\SLAM1.X\control.asm
               delay100us   0x00003a    program     static C:\Users\Daniel\MPLABXProjects\SLAM1.X\control.asm
                delay10ms   0x000041    program     static C:\Users\Daniel\MPLABXProjects\SLAM1.X\control.asm
                  delay1s   0x000049    program     static C:\Users\Daniel\MPLABXProjects\SLAM1.X\control.asm
              delay99_6us   0x000035    program     static C:\Users\Daniel\MPLABXProjects\SLAM1.X\control.asm
               impl_100us   0x00003c    program     static C:\Users\Daniel\MPLABXProjects\SLAM1.X\control.asm
                impl_10ms   0x000043    program     static C:\Users\Daniel\MPLABXProjects\SLAM1.X\control.asm
                  impl_1s   0x00004b    program     static C:\Users\Daniel\MPLABXProjects\SLAM1.X\control.asm
              impl_99_6us   0x000037    program     static C:\Users\Daniel\MPLABXProjects\SLAM1.X\control.asm
            left_turn_fwd   0x000025    program     static C:\Users\Daniel\MPLABXProjects\SLAM1.X\control.asm
            left_turn_rev   0x00002d    program     static C:\Users\Daniel\MPLABXProjects\SLAM1.X\control.asm
        lft_turn_fwd_test   0x00007d    program     static C:\Users\Daniel\MPLABXProjects\SLAM1.X\control.asm
        lft_turn_rev_test   0x000084    program     static C:\Users\Daniel\MPLABXProjects\SLAM1.X\control.asm
              rt_turn_fwd   0x000015    program     static C:\Users\Daniel\MPLABXProjects\SLAM1.X\control.asm
         rt_turn_fwd_test   0x00006f    program     static C:\Users\Daniel\MPLABXProjects\SLAM1.X\control.asm
              rt_turn_rev   0x00001d    program     static C:\Users\Daniel\MPLABXProjects\SLAM1.X\control.asm
         rt_turn_rev_test   0x000076    program     static C:\Users\Daniel\MPLABXProjects\SLAM1.X\control.asm
                    start   0x000053    program     static C:\Users\Daniel\MPLABXProjects\SLAM1.X\control.asm



                              Symbols - Sorted by Address
                     Name    Address   Location    Storage File                     
                ---------  ---------  ---------  --------- ---------                
              all_forward   0x000005    program     static C:\Users\Daniel\MPLABXProjects\SLAM1.X\control.asm
              all_reverse   0x00000d    program     static C:\Users\Daniel\MPLABXProjects\SLAM1.X\control.asm
              rt_turn_fwd   0x000015    program     static C:\Users\Daniel\MPLABXProjects\SLAM1.X\control.asm
              rt_turn_rev   0x00001d    program     static C:\Users\Daniel\MPLABXProjects\SLAM1.X\control.asm
            left_turn_fwd   0x000025    program     static C:\Users\Daniel\MPLABXProjects\SLAM1.X\control.asm
            left_turn_rev   0x00002d    program     static C:\Users\Daniel\MPLABXProjects\SLAM1.X\control.asm
              delay99_6us   0x000035    program     static C:\Users\Daniel\MPLABXProjects\SLAM1.X\control.asm
              impl_99_6us   0x000037    program     static C:\Users\Daniel\MPLABXProjects\SLAM1.X\control.asm
               delay100us   0x00003a    program     static C:\Users\Daniel\MPLABXProjects\SLAM1.X\control.asm
               impl_100us   0x00003c    program     static C:\Users\Daniel\MPLABXProjects\SLAM1.X\control.asm
                delay10ms   0x000041    program     static C:\Users\Daniel\MPLABXProjects\SLAM1.X\control.asm
                impl_10ms   0x000043    program     static C:\Users\Daniel\MPLABXProjects\SLAM1.X\control.asm
                  delay1s   0x000049    program     static C:\Users\Daniel\MPLABXProjects\SLAM1.X\control.asm
                  impl_1s   0x00004b    program     static C:\Users\Daniel\MPLABXProjects\SLAM1.X\control.asm
                    start   0x000053    program     static C:\Users\Daniel\MPLABXProjects\SLAM1.X\control.asm
             all_fwd_test   0x000061    program     static C:\Users\Daniel\MPLABXProjects\SLAM1.X\control.asm
             all_rev_test   0x000068    program     static C:\Users\Daniel\MPLABXProjects\SLAM1.X\control.asm
         rt_turn_fwd_test   0x00006f    program     static C:\Users\Daniel\MPLABXProjects\SLAM1.X\control.asm
         rt_turn_rev_test   0x000076    program     static C:\Users\Daniel\MPLABXProjects\SLAM1.X\control.asm
        lft_turn_fwd_test   0x00007d    program     static C:\Users\Daniel\MPLABXProjects\SLAM1.X\control.asm
        lft_turn_rev_test   0x000084    program     static C:\Users\Daniel\MPLABXProjects\SLAM1.X\control.asm


