MPLINK 5.09, LINKER
Linker Map File - Created Fri Feb 14 14:51:12 2020

                                 Section Info
                  Section       Type    Address   Location Size(Bytes)
                ---------  ---------  ---------  ---------  ---------
                   .org_0       code   0x000000    program   0x0000e8
                   .cinit    romdata   0x000074    program   0x000004
.config_2007_BUILD/DEFAULT/PRODUCTION/CONTROL       code   0x002007    program   0x000002



                              Program Memory Usage 
                               Start         End      
                           ---------   ---------      
                            0x000000    0x000075      
                            0x002007    0x002007      
            119 out of 8454 program addresses used, program memory utilization is 1%



                              Symbols - Sorted by Name
                     Name    Address   Location    Storage File                     
                ---------  ---------  ---------  --------- ---------                
              all_forward   0x000026    program     static C:\Users\Daniel\MPLABXProjects\SLAM1.X\control.asm
             all_fwd_test   0x00000e    program     static C:\Users\Daniel\MPLABXProjects\SLAM1.X\control.asm
             all_rev_test   0x000013    program     static C:\Users\Daniel\MPLABXProjects\SLAM1.X\control.asm
              all_reverse   0x00002e    program     static C:\Users\Daniel\MPLABXProjects\SLAM1.X\control.asm
               delay100us   0x00005b    program     static C:\Users\Daniel\MPLABXProjects\SLAM1.X\control.asm
                delay10ms   0x000062    program     static C:\Users\Daniel\MPLABXProjects\SLAM1.X\control.asm
                  delay1s   0x00006a    program     static C:\Users\Daniel\MPLABXProjects\SLAM1.X\control.asm
              delay99_6us   0x000056    program     static C:\Users\Daniel\MPLABXProjects\SLAM1.X\control.asm
               impl_100us   0x00005d    program     static C:\Users\Daniel\MPLABXProjects\SLAM1.X\control.asm
                impl_10ms   0x000064    program     static C:\Users\Daniel\MPLABXProjects\SLAM1.X\control.asm
                  impl_1s   0x00006c    program     static C:\Users\Daniel\MPLABXProjects\SLAM1.X\control.asm
              impl_99_6us   0x000058    program     static C:\Users\Daniel\MPLABXProjects\SLAM1.X\control.asm
            left_turn_fwd   0x000046    program     static C:\Users\Daniel\MPLABXProjects\SLAM1.X\control.asm
            left_turn_rev   0x00004e    program     static C:\Users\Daniel\MPLABXProjects\SLAM1.X\control.asm
        lft_turn_fwd_test   0x00001d    program     static C:\Users\Daniel\MPLABXProjects\SLAM1.X\control.asm
        lft_turn_rev_test   0x000022    program     static C:\Users\Daniel\MPLABXProjects\SLAM1.X\control.asm
              rt_turn_fwd   0x000036    program     static C:\Users\Daniel\MPLABXProjects\SLAM1.X\control.asm
         rt_turn_fwd_test   0x000018    program     static C:\Users\Daniel\MPLABXProjects\SLAM1.X\control.asm
              rt_turn_rev   0x00003e    program     static C:\Users\Daniel\MPLABXProjects\SLAM1.X\control.asm
                    start   0x000005    program     static C:\Users\Daniel\MPLABXProjects\SLAM1.X\control.asm
                     stop   0x000025    program     static C:\Users\Daniel\MPLABXProjects\SLAM1.X\control.asm



                              Symbols - Sorted by Address
                     Name    Address   Location    Storage File                     
                ---------  ---------  ---------  --------- ---------                
                    start   0x000005    program     static C:\Users\Daniel\MPLABXProjects\SLAM1.X\control.asm
             all_fwd_test   0x00000e    program     static C:\Users\Daniel\MPLABXProjects\SLAM1.X\control.asm
             all_rev_test   0x000013    program     static C:\Users\Daniel\MPLABXProjects\SLAM1.X\control.asm
         rt_turn_fwd_test   0x000018    program     static C:\Users\Daniel\MPLABXProjects\SLAM1.X\control.asm
        lft_turn_fwd_test   0x00001d    program     static C:\Users\Daniel\MPLABXProjects\SLAM1.X\control.asm
        lft_turn_rev_test   0x000022    program     static C:\Users\Daniel\MPLABXProjects\SLAM1.X\control.asm
                     stop   0x000025    program     static C:\Users\Daniel\MPLABXProjects\SLAM1.X\control.asm
              all_forward   0x000026    program     static C:\Users\Daniel\MPLABXProjects\SLAM1.X\control.asm
              all_reverse   0x00002e    program     static C:\Users\Daniel\MPLABXProjects\SLAM1.X\control.asm
              rt_turn_fwd   0x000036    program     static C:\Users\Daniel\MPLABXProjects\SLAM1.X\control.asm
              rt_turn_rev   0x00003e    program     static C:\Users\Daniel\MPLABXProjects\SLAM1.X\control.asm
            left_turn_fwd   0x000046    program     static C:\Users\Daniel\MPLABXProjects\SLAM1.X\control.asm
            left_turn_rev   0x00004e    program     static C:\Users\Daniel\MPLABXProjects\SLAM1.X\control.asm
              delay99_6us   0x000056    program     static C:\Users\Daniel\MPLABXProjects\SLAM1.X\control.asm
              impl_99_6us   0x000058    program     static C:\Users\Daniel\MPLABXProjects\SLAM1.X\control.asm
               delay100us   0x00005b    program     static C:\Users\Daniel\MPLABXProjects\SLAM1.X\control.asm
               impl_100us   0x00005d    program     static C:\Users\Daniel\MPLABXProjects\SLAM1.X\control.asm
                delay10ms   0x000062    program     static C:\Users\Daniel\MPLABXProjects\SLAM1.X\control.asm
                impl_10ms   0x000064    program     static C:\Users\Daniel\MPLABXProjects\SLAM1.X\control.asm
                  delay1s   0x00006a    program     static C:\Users\Daniel\MPLABXProjects\SLAM1.X\control.asm
                  impl_1s   0x00006c    program     static C:\Users\Daniel\MPLABXProjects\SLAM1.X\control.asm


